\BOOKMARK [1][-]{section.1}{\376\377\137\025\212\000}{}% 1
\BOOKMARK [2][-]{subsection.1.1}{\376\377\225\356\230\230\200\314\146\157}{section.1}% 2
\BOOKMARK [2][-]{subsection.1.2}{\376\377\147\057\213\355\165\114\133\232}{section.1}% 3
\BOOKMARK [2][-]{subsection.1.3}{\376\377\170\024\172\166\225\356\230\230\116\016\215\041\163\056}{section.1}% 4
\BOOKMARK [1][-]{section.2}{\376\377\176\374\217\360\145\271\154\325}{}% 5
\BOOKMARK [2][-]{subsection.2.1}{\376\377\145\207\163\056\147\145\156\220\116\016\150\300\175\042\203\003\126\364}{section.2}% 6
\BOOKMARK [2][-]{subsection.2.2}{\376\377\176\263\121\145\060\001\143\222\226\144\116\016\213\301\143\156\173\111\176\247}{section.2}% 7
\BOOKMARK [2][-]{subsection.2.3}{\376\377\176\323\147\204\123\026\123\331\217\360\173\126\165\145}{section.2}% 8
\BOOKMARK [2][-]{subsection.2.4}{\376\377\213\301\143\156\217\375\216\052\116\016\123\357\117\341\136\246\150\007\154\350}{section.2}% 9
\BOOKMARK [1][-]{section.3}{\376\377\145\271\154\325\133\266\145\317\116\016\116\343\210\150\140\047\135\345\117\134}{}% 10
\BOOKMARK [2][-]{subsection.3.1}{\376\377\166\364\143\245\000\040\000L\000L\000M\000\040\116\343\170\001\133\241\147\345}{section.3}% 11
\BOOKMARK [2][-]{subsection.3.2}{\376\377\157\017\155\036\150\300\155\113\116\016\117\356\131\015}{section.3}% 12
\BOOKMARK [2][-]{subsection.3.3}{\376\377\000L\000L\000M\000\040\116\016\227\131\140\001\122\006\147\220\123\117\124\014}{section.3}% 13
\BOOKMARK [2][-]{subsection.3.4}{\376\377\150\300\175\042\130\236\137\072\116\016\176\323\147\204\123\026\210\150\171\072\130\236\137\072}{section.3}% 14
\BOOKMARK [2][-]{subsection.3.5}{\376\377\227\142\124\021\146\172\200\375\117\123\116\016\136\224\165\050\142\147\210\114\224\376\166\204\133\241\213\241}{section.3}% 15
\BOOKMARK [2][-]{subsection.3.6}{\376\377\000P\000r\000o\000m\000p\000t\000\040\213\276\213\241\060\001\133\211\121\150\141\037\167\345\137\256\214\003\116\016\116\244\116\222\173\126\165\145}{section.3}% 16
\BOOKMARK [2][-]{subsection.3.7}{\376\377\000B\000e\000n\000c\000h\000m\000a\000r\000k\000\040\213\276\213\241\116\016\213\304\117\060\123\117\213\256}{section.3}% 17
\BOOKMARK [1][-]{section.4}{\376\377\176\374\124\010\153\324\217\203}{}% 18
\BOOKMARK [2][-]{subsection.4.1}{\376\377\133\241\213\241\126\150\152\041\127\213\116\016\117\177\165\050\145\271\137\017}{section.4}% 19
\BOOKMARK [2][-]{subsection.4.2}{\376\377\137\123\122\115\213\304\155\113\176\323\147\234\116\016\124\053\116\111}{section.4}% 20
\BOOKMARK [1][-]{section.5}{\376\377\132\001\200\301\147\011\145\110\140\047\116\016\134\100\226\120}{}% 21
\BOOKMARK [2][-]{subsection.5.1}{\376\377\145\207\163\056\220\011\142\351\120\117\135\356}{section.5}% 22
\BOOKMARK [2][-]{subsection.5.2}{\376\377\151\202\137\365\116\015\116\000\201\364\116\016\127\372\121\306\137\002\147\204}{section.5}% 23
\BOOKMARK [2][-]{subsection.5.3}{\376\377\145\366\225\364\157\002\171\373\116\016\162\110\147\054\157\002\171\373}{section.5}% 24
\BOOKMARK [2][-]{subsection.5.4}{\376\377\123\302\200\003\145\207\163\056\123\357\150\070\232\214\140\047\217\271\165\114}{section.5}% 25
\BOOKMARK [2][-]{subsection.5.5}{\376\377\176\374\217\360\201\352\216\253\217\271\165\114}{section.5}% 26
\BOOKMARK [1][-]{section.6}{\376\377\170\024\172\166\213\256\172\013}{}% 27
\BOOKMARK [2][-]{subsection.6.1}{\376\377\116\316\123\125\160\271\122\006\174\173\215\160\124\021\213\301\143\156\224\376\133\241\213\241}{section.6}% 28
\BOOKMARK [2][-]{subsection.6.2}{\376\377\116\316\123\125\152\041\127\213\215\160\124\021\131\032\226\066\153\265\174\373\176\337}{section.6}% 29
\BOOKMARK [2][-]{subsection.6.3}{\376\377\116\316\157\017\155\036\150\300\155\113\215\160\124\021\136\224\165\050\210\114\116\072\133\241\213\241}{section.6}% 30
\BOOKMARK [2][-]{subsection.6.4}{\376\377\116\316\121\306\170\156\163\207\133\374\124\021\215\160\124\021\123\357\154\273\164\006\140\047\133\374\124\021}{section.6}% 31
\BOOKMARK [2][-]{subsection.6.5}{\376\377\116\316\116\000\202\054\137\256\214\003\215\160\124\021\133\211\121\150\141\037\167\345\137\256\214\003}{section.6}% 32
\BOOKMARK [2][-]{subsection.6.6}{\376\377\116\316\123\125\116\000\000\040\000b\000e\000n\000c\000h\000m\000a\000r\000k\000\040\215\160\124\021\000\040\000b\000e\000n\000c\000h\000m\000a\000r\000k\000\040\000g\000o\000v\000e\000r\000n\000a\000n\000c\000e}{section.6}% 33
\BOOKMARK [1][-]{section.7}{\376\377\176\323\213\272}{}% 34
\BOOKMARK [1][-]{section*.1}{\376\377\000A\000p\000p\000e\000n\000d\000i\000x\000\040\000A\000:\000\040\176\323\213\272\040\023\213\301\143\156\217\375\216\052\167\351\226\065}{}% 35
\BOOKMARK [1][-]{section*.2}{\376\377\000R\000e\000f\000e\000r\000e\000n\000c\000e\000s}{}% 36
