[2026-09-01T01:13:27.438Z] app.js loaded

[2026-09-01T01:46:29.283Z] app.js loaded

[2026-09-01T02:22:25.919Z] app.js loaded

[2026-09-01T03:02:44.436Z] app.js loaded

[2026-09-01T03:17:49.288Z] app.js loaded

[2026-09-01T03:17:49.418Z] native drag-drop listener registered

[2026-09-01T03:17:53.307Z] [native enter] paths=["D:\\可信数字空间\\tee\\sdk\\cmd\\teecrypto-gui.log"]

[2026-09-01T03:17:53.311Z] [native over] paths=[]

[2026-09-01T03:17:53.312Z] [native over] paths=[]

[2026-09-01T03:17:53.318Z] [native over] paths=[]

[2026-09-01T03:17:53.320Z] [native over] paths=[]

[2026-09-01T03:17:53.326Z] [native over] paths=[]

[2026-09-01T03:17:53.335Z] [native over] paths=[]

[2026-09-01T03:17:53.344Z] [native over] paths=[]

[2026-09-01T03:17:53.352Z] [native over] paths=[]

[2026-09-01T03:17:53.359Z] [native over] paths=[]

[2026-09-01T03:17:53.368Z] [native over] paths=[]

[2026-09-01T03:17:53.375Z] [native over] paths=[]

[2026-09-01T03:17:53.384Z] [native over] paths=[]

[2026-09-01T03:17:53.394Z] [native over] paths=[]

[2026-09-01T03:17:53.402Z] [native over] paths=[]

[2026-09-01T03:17:53.410Z] [native over] paths=[]

[2026-09-01T03:17:53.418Z] [native over] paths=[]

[2026-09-01T03:17:53.425Z] [native over] paths=[]

[2026-09-01T03:17:53.434Z] [native over] paths=[]

[2026-09-01T03:17:53.444Z] [native over] paths=[]

[2026-09-01T03:17:53.451Z] [native over] paths=[]

[2026-09-01T03:17:53.459Z] [native over] paths=[]

[2026-09-01T03:17:53.469Z] [native over] paths=[]

[2026-09-01T03:17:53.475Z] [native over] paths=[]

[2026-09-01T03:17:53.484Z] [native over] paths=[]

[2026-09-01T03:17:53.494Z] [native over] paths=[]

[2026-09-01T03:17:53.502Z] [native over] paths=[]

[2026-09-01T03:17:53.510Z] [native over] paths=[]

[2026-09-01T03:17:53.518Z] [native over] paths=[]

[2026-09-01T03:17:53.526Z] [native over] paths=[]

[2026-09-01T03:17:53.534Z] [native over] paths=[]

[2026-09-01T03:17:53.544Z] [native over] paths=[]

[2026-09-01T03:17:53.551Z] [native over] paths=[]

[2026-09-01T03:17:53.619Z] [native over] paths=[]

[2026-09-01T03:17:53.682Z] [native over] paths=[]

[2026-09-01T03:17:53.759Z] [native over] paths=[]

[2026-09-01T03:17:53.820Z] [native over] paths=[]

[2026-09-01T03:17:53.882Z] [native over] paths=[]

[2026-09-01T03:17:53.944Z] [native over] paths=[]

[2026-09-01T03:17:54.005Z] [native over] paths=[]

[2026-09-01T03:17:54.066Z] [native over] paths=[]

[2026-09-01T03:17:54.130Z] [native over] paths=[]

[2026-09-01T03:17:54.192Z] [native over] paths=[]

[2026-09-01T03:17:54.253Z] [native over] paths=[]

[2026-09-01T03:17:54.315Z] [native over] paths=[]

[2026-09-01T03:17:54.402Z] [native over] paths=[]

[2026-09-01T03:17:54.468Z] [native over] paths=[]

[2026-09-01T03:17:54.530Z] [native over] paths=[]

[2026-09-01T03:17:54.592Z] [native over] paths=[]

[2026-09-01T03:17:54.656Z] [native over] paths=[]

[2026-09-01T03:17:54.715Z] [native over] paths=[]

[2026-09-01T03:17:54.777Z] [native over] paths=[]

[2026-09-01T03:17:54.840Z] [native over] paths=[]

[2026-09-01T03:17:54.917Z] [native over] paths=[]

[2026-09-01T03:17:54.992Z] [native over] paths=[]

[2026-09-01T03:17:55.054Z] [native over] paths=[]

[2026-09-01T03:17:55.117Z] [native over] paths=[]

[2026-09-01T03:17:55.178Z] [native over] paths=[]

[2026-09-01T03:17:55.239Z] [native over] paths=[]

[2026-09-01T03:17:55.303Z] [native over] paths=[]

[2026-09-01T03:17:55.321Z] [native drop] paths=["D:\\可信数字空间\\tee\\sdk\\cmd\\teecrypto-gui.log"]

[2026-09-01T03:56:55.275Z] app.js loaded

[2026-09-01T03:56:55.319Z] native drag-drop listener registered

[2026-09-01T03:57:05.525Z] [native enter] paths=["D:\\可信数字空间\\tee\\sdk\\cmd\\teecrypto-gui.log"]

[2026-09-01T03:57:05.529Z] [native over] paths=[]

[2026-09-01T03:57:05.530Z] [native over] paths=[]

[2026-09-01T03:57:05.533Z] [native over] paths=[]

[2026-09-01T03:57:05.535Z] [native over] paths=[]

[2026-09-01T03:57:05.539Z] [native over] paths=[]

[2026-09-01T03:57:05.548Z] [native over] paths=[]

[2026-09-01T03:57:05.556Z] [native over] paths=[]

[2026-09-01T03:57:05.564Z] [native over] paths=[]

[2026-09-01T03:57:05.571Z] [native over] paths=[]

[2026-09-01T03:57:05.581Z] [native over] paths=[]

[2026-09-01T03:57:05.588Z] [native over] paths=[]

[2026-09-01T03:57:05.598Z] [native over] paths=[]

[2026-09-01T03:57:05.607Z] [native over] paths=[]

[2026-09-01T03:57:05.614Z] [native over] paths=[]

[2026-09-01T03:57:05.622Z] [native over] paths=[]

[2026-09-01T03:57:05.631Z] [native over] paths=[]

[2026-09-01T03:57:05.639Z] [native over] paths=[]

[2026-09-01T03:57:05.648Z] [native over] paths=[]

[2026-09-01T03:57:05.655Z] [native over] paths=[]

[2026-09-01T03:57:05.664Z] [native over] paths=[]

[2026-09-01T03:57:05.671Z] [native over] paths=[]

[2026-09-01T03:57:05.682Z] [native over] paths=[]

[2026-09-01T03:57:05.690Z] [native over] paths=[]

[2026-09-01T03:57:05.698Z] [native over] paths=[]

[2026-09-01T03:57:05.706Z] [native over] paths=[]

[2026-09-01T03:57:05.718Z] [native over] paths=[]

[2026-09-01T03:57:05.761Z] [native over] paths=[]

[2026-09-01T03:57:05.823Z] [native over] paths=[]

[2026-09-01T03:57:05.893Z] [native over] paths=[]

[2026-09-01T03:57:05.958Z] [native over] paths=[]

[2026-09-01T03:57:06.021Z] [native over] paths=[]

[2026-09-01T03:57:06.084Z] [native over] paths=[]

[2026-09-01T03:57:06.147Z] [native over] paths=[]

[2026-09-01T03:57:06.198Z] [native over] paths=[]

[2026-09-01T03:57:06.262Z] [native over] paths=[]

[2026-09-01T03:57:06.325Z] [native over] paths=[]

[2026-09-01T03:57:06.391Z] [native over] paths=[]

[2026-09-01T03:57:06.429Z] [native drop] paths=["D:\\可信数字空间\\tee\\sdk\\cmd\\teecrypto-gui.log"]

[2026-09-01T08:46:12.370Z] app.js loaded

[2026-09-01T08:46:12.414Z] native drag-drop listener registered

[2026-09-01T08:46:17.428Z] [native enter] paths=["D:\\可信数字空间\\tee\\sdk\\cmd\\teecrypto-gui.log"]

[2026-09-01T08:46:17.432Z] [native over] paths=[]

[2026-09-01T08:46:17.434Z] [native over] paths=[]

[2026-09-01T08:46:17.436Z] [native over] paths=[]

[2026-09-01T08:46:17.441Z] [native over] paths=[]

[2026-09-01T08:46:17.444Z] [native over] paths=[]

[2026-09-01T08:46:17.455Z] [native over] paths=[]

[2026-09-01T08:46:17.462Z] [native over] paths=[]

[2026-09-01T08:46:17.469Z] [native over] paths=[]

[2026-09-01T08:46:17.479Z] [native over] paths=[]

[2026-09-01T08:46:17.485Z] [native over] paths=[]

[2026-09-01T08:46:17.495Z] [native over] paths=[]

[2026-09-01T08:46:17.504Z] [native over] paths=[]

[2026-09-01T08:46:17.512Z] [native over] paths=[]

[2026-09-01T08:46:17.519Z] [native over] paths=[]

[2026-09-01T08:46:17.574Z] [native over] paths=[]

[2026-09-01T08:46:17.604Z] [native over] paths=[]

[2026-09-01T08:46:17.612Z] [native over] paths=[]

[2026-09-01T08:46:17.619Z] [native over] paths=[]

[2026-09-01T08:46:17.628Z] [native over] paths=[]

[2026-09-01T08:46:17.635Z] [native over] paths=[]

[2026-09-01T08:46:17.643Z] [native over] paths=[]

[2026-09-01T08:46:17.655Z] [native over] paths=[]

[2026-09-01T08:46:17.662Z] [native over] paths=[]

[2026-09-01T08:46:17.670Z] [native over] paths=[]

[2026-09-01T08:46:17.678Z] [native over] paths=[]

[2026-09-01T08:46:17.686Z] [native over] paths=[]

[2026-09-01T08:46:17.694Z] [native over] paths=[]

[2026-09-01T08:46:17.704Z] [native over] paths=[]

[2026-09-01T08:46:17.712Z] [native over] paths=[]

[2026-09-01T08:46:17.719Z] [native over] paths=[]

[2026-09-01T08:46:17.728Z] [native over] paths=[]

[2026-09-01T08:46:17.735Z] [native over] paths=[]

[2026-09-01T08:46:17.744Z] [native over] paths=[]

[2026-09-01T08:46:17.753Z] [native over] paths=[]

[2026-09-01T08:46:17.762Z] [native over] paths=[]

[2026-09-01T08:46:17.769Z] [native over] paths=[]

[2026-09-01T08:46:17.778Z] [native over] paths=[]

[2026-09-01T08:46:17.785Z] [native over] paths=[]

[2026-09-01T08:46:17.797Z] [native over] paths=[]

[2026-09-01T08:46:17.803Z] [native over] paths=[]

[2026-09-01T08:46:17.819Z] [native over] paths=[]

[2026-09-01T08:46:17.878Z] [native over] paths=[]

[2026-09-01T08:46:17.943Z] [native over] paths=[]

[2026-09-01T08:46:18.006Z] [native over] paths=[]

[2026-09-01T08:46:18.071Z] [native over] paths=[]

[2026-09-01T08:46:18.130Z] [native over] paths=[]

[2026-09-01T08:46:18.144Z] [native drop] paths=["D:\\可信数字空间\\tee\\sdk\\cmd\\teecrypto-gui.log"]

[2026-09-02T08:33:32.927Z] app.js loaded

[2026-09-02T08:33:32.977Z] native drag-drop listener registered

[2026-09-03T06:52:20.680Z] [native enter] paths=["C:\\Users\\osr\\Desktop\\data.zip"]

[2026-09-03T06:52:20.691Z] [native over] paths=[]

[2026-09-03T06:52:20.693Z] [native over] paths=[]

[2026-09-03T06:52:20.694Z] [native over] paths=[]

[2026-09-03T06:52:20.697Z] [native over] paths=[]

[2026-09-03T06:52:20.704Z] [native over] paths=[]

[2026-09-03T06:52:20.710Z] [native over] paths=[]

[2026-09-03T06:52:20.718Z] [native over] paths=[]

[2026-09-03T06:52:20.726Z] [native over] paths=[]

[2026-09-03T06:52:20.734Z] [native over] paths=[]

[2026-09-03T06:52:20.742Z] [native over] paths=[]

[2026-09-03T06:52:20.750Z] [native over] paths=[]

[2026-09-03T06:52:20.760Z] [native over] paths=[]

[2026-09-03T06:52:20.769Z] [native over] paths=[]

[2026-09-03T06:52:20.776Z] [native over] paths=[]

[2026-09-03T06:52:20.792Z] [native over] paths=[]

[2026-09-03T06:52:20.854Z] [native over] paths=[]

[2026-09-03T06:52:20.918Z] [native over] paths=[]

[2026-09-03T06:52:20.948Z] [native over] paths=[]

[2026-09-03T06:52:20.956Z] [native over] paths=[]

[2026-09-03T06:52:20.972Z] [native over] paths=[]

[2026-09-03T06:52:20.988Z] [native over] paths=[]

[2026-09-03T06:52:20.999Z] [native over] paths=[]

[2026-09-03T06:52:21.010Z] [native over] paths=[]

[2026-09-03T06:52:21.038Z] [native over] paths=[]

[2026-09-03T06:52:21.068Z] [native over] paths=[]

[2026-09-03T06:52:21.121Z] [native over] paths=[]

[2026-09-03T06:52:21.128Z] [native over] paths=[]

[2026-09-03T06:52:21.164Z] [native over] paths=[]

[2026-09-03T06:52:21.231Z] [native over] paths=[]

[2026-09-03T06:52:21.291Z] [native over] paths=[]

[2026-09-03T06:52:21.316Z] [native drop] paths=["C:\\Users\\osr\\Desktop\\data.zip"]

[2026-09-03T10:16:40.702Z] app.js loaded

[2026-09-03T10:16:40.768Z] native drag-drop listener registered

[2026-09-03T10:29:26.810Z] [native enter] paths=["C:\\Users\\osr\\Desktop\\data.zip"]

[2026-09-03T10:29:26.821Z] [native over] paths=[]

[2026-09-03T10:29:26.824Z] [native over] paths=[]

[2026-09-03T10:29:26.831Z] [native over] paths=[]

[2026-09-03T10:29:26.841Z] [native over] paths=[]

[2026-09-03T10:29:26.848Z] [native over] paths=[]

[2026-09-03T10:29:26.864Z] [native over] paths=[]

[2026-09-03T10:29:26.868Z] [native over] paths=[]

[2026-09-03T10:29:26.876Z] [native over] paths=[]

[2026-09-03T10:29:26.888Z] [native over] paths=[]
[2026-09-03T10:29:26.884Z] [native over] paths=[]


[2026-09-03T10:29:26.913Z] [native over] paths=[]

[2026-09-03T10:29:26.917Z] [native over] paths=[]

[2026-09-03T10:29:26.927Z] [native over] paths=[]

[2026-09-03T10:29:26.931Z] [native over] paths=[]

[2026-09-03T10:29:26.947Z] [native over] paths=[]

[2026-09-03T10:29:26.950Z] [native over] paths=[]

[2026-09-03T10:29:26.958Z] [native over] paths=[]

[2026-09-03T10:29:26.965Z] [native over] paths=[]

[2026-09-03T10:29:26.974Z] [native over] paths=[]

[2026-09-03T10:29:26.980Z] [native over] paths=[]

[2026-09-03T10:29:26.988Z] [native over] paths=[]

[2026-09-03T10:29:27.005Z] [native over] paths=[]

[2026-09-03T10:29:27.016Z] [native over] paths=[]

[2026-09-03T10:29:27.028Z] [native over] paths=[]

[2026-09-03T10:29:27.075Z] [native over] paths=[]

[2026-09-03T10:29:27.140Z] [native over] paths=[]

[2026-09-03T10:29:27.172Z] [native over] paths=[]

[2026-09-03T10:29:27.233Z] [native over] paths=[]

[2026-09-03T10:29:27.284Z] [native over] paths=[]

[2026-09-03T10:29:27.341Z] [native over] paths=[]

[2026-09-03T10:29:27.403Z] [native over] paths=[]

[2026-09-03T10:29:27.464Z] [native over] paths=[]

[2026-09-03T10:29:27.488Z] [native drop] paths=["C:\\Users\\osr\\Desktop\\data.zip"]

[2026-09-03T10:43:20.147Z] [native over] paths=[]

[2026-09-03T10:43:20.157Z] [native leave] paths=[]

[2026-09-03T11:04:05.477Z] [native enter] paths=["C:\\Users\\osr\\Downloads\\result-train (3).tar.gz"]

[2026-09-03T11:04:05.481Z] [native over] paths=[]

[2026-09-03T11:04:05.484Z] [native over] paths=[]

[2026-09-03T11:04:05.490Z] [native over] paths=[]

[2026-09-03T11:04:05.497Z] [native over] paths=[]

[2026-09-03T11:04:05.505Z] [native over] paths=[]

[2026-09-03T11:04:05.514Z] [native over] paths=[]

[2026-09-03T11:04:05.521Z] [native over] paths=[]

[2026-09-03T11:04:05.530Z] [native over] paths=[]

[2026-09-03T11:04:05.537Z] [native over] paths=[]

[2026-09-03T11:04:05.546Z] [native over] paths=[]

[2026-09-03T11:04:05.555Z] [native over] paths=[]

[2026-09-03T11:04:05.564Z] [native over] paths=[]

[2026-09-03T11:04:05.571Z] [native over] paths=[]

[2026-09-03T11:04:05.579Z] [native over] paths=[]

[2026-09-03T11:04:05.587Z] [native over] paths=[]

[2026-09-03T11:04:05.597Z] [native over] paths=[]

[2026-09-03T11:04:05.605Z] [native over] paths=[]

[2026-09-03T11:04:05.614Z] [native over] paths=[]

[2026-09-03T11:04:05.622Z] [native over] paths=[]

[2026-09-03T11:04:05.629Z] [native over] paths=[]

[2026-09-03T11:04:05.637Z] [native over] paths=[]

[2026-09-03T11:04:05.648Z] [native over] paths=[]

[2026-09-03T11:04:05.655Z] [native over] paths=[]

[2026-09-03T11:04:05.665Z] [native over] paths=[]

[2026-09-03T11:04:05.671Z] [native over] paths=[]

[2026-09-03T11:04:05.680Z] [native over] paths=[]

[2026-09-03T11:04:05.687Z] [native over] paths=[]

[2026-09-03T11:04:05.698Z] [native over] paths=[]

[2026-09-03T11:04:05.714Z] [native over] paths=[]

[2026-09-03T11:04:05.721Z] [native over] paths=[]

[2026-09-03T11:04:05.737Z] [native over] paths=[]

[2026-09-03T11:04:05.747Z] [native over] paths=[]

[2026-09-03T11:04:05.755Z] [native over] paths=[]

[2026-09-03T11:04:05.772Z] [native over] paths=[]

[2026-09-03T11:04:05.785Z] [native over] paths=[]

[2026-09-03T11:04:05.801Z] [native over] paths=[]

[2026-09-03T11:04:05.817Z] [native over] paths=[]

[2026-09-03T11:04:05.839Z] [native over] paths=[]

[2026-09-03T11:04:05.902Z] [native over] paths=[]

[2026-09-03T11:04:05.969Z] [native over] paths=[]

[2026-09-03T11:04:06.030Z] [native over] paths=[]

[2026-09-03T11:04:06.089Z] [native drop] paths=["C:\\Users\\osr\\Downloads\\result-train (3).tar.gz"]

[2026-09-03T11:05:02.016Z] [native enter] paths=["C:\\Users\\osr\\Downloads\\result-train (3).tar.gz.enc"]

[2026-09-03T11:05:02.021Z] [native over] paths=[]

[2026-09-03T11:05:02.023Z] [native over] paths=[]

[2026-09-03T11:05:02.025Z] [native over] paths=[]

[2026-09-03T11:05:02.032Z] [native over] paths=[]

[2026-09-03T11:05:02.040Z] [native over] paths=[]

[2026-09-03T11:05:02.048Z] [native over] paths=[]

[2026-09-03T11:05:02.057Z] [native over] paths=[]

[2026-09-03T11:05:02.065Z] [native over] paths=[]

[2026-09-03T11:05:02.073Z] [native over] paths=[]

[2026-09-03T11:05:02.082Z] [native over] paths=[]

[2026-09-03T11:05:02.089Z] [native over] paths=[]

[2026-09-03T11:05:02.098Z] [native over] paths=[]

[2026-09-03T11:05:02.107Z] [native over] paths=[]

[2026-09-03T11:05:02.115Z] [native over] paths=[]

[2026-09-03T11:05:02.123Z] [native over] paths=[]

[2026-09-03T11:05:02.132Z] [native over] paths=[]

[2026-09-03T11:05:02.139Z] [native over] paths=[]

[2026-09-03T11:05:02.153Z] [native over] paths=[]

[2026-09-03T11:05:02.162Z] [native over] paths=[]

[2026-09-03T11:05:02.169Z] [native over] paths=[]

[2026-09-03T11:05:02.178Z] [native over] paths=[]

[2026-09-03T11:05:02.185Z] [native over] paths=[]

[2026-09-03T11:05:02.195Z] [native over] paths=[]

[2026-09-03T11:05:02.203Z] [native over] paths=[]

[2026-09-03T11:05:02.212Z] [native over] paths=[]

[2026-09-03T11:05:02.219Z] [native over] paths=[]

[2026-09-03T11:05:02.228Z] [native over] paths=[]

[2026-09-03T11:05:02.235Z] [native over] paths=[]

[2026-09-03T11:05:02.246Z] [native over] paths=[]

[2026-09-03T11:05:02.253Z] [native over] paths=[]

[2026-09-03T11:05:02.263Z] [native over] paths=[]

[2026-09-03T11:05:02.269Z] [native over] paths=[]

[2026-09-03T11:05:02.279Z] [native over] paths=[]

[2026-09-03T11:05:02.285Z] [native over] paths=[]

[2026-09-03T11:05:02.296Z] [native over] paths=[]

[2026-09-03T11:05:02.303Z] [native over] paths=[]

[2026-09-03T11:05:02.313Z] [native over] paths=[]

[2026-09-03T11:05:02.319Z] [native over] paths=[]

[2026-09-03T11:05:02.328Z] [native over] paths=[]

[2026-09-03T11:05:02.335Z] [native over] paths=[]

[2026-09-03T11:05:02.345Z] [native over] paths=[]

[2026-09-03T11:05:02.353Z] [native over] paths=[]

[2026-09-03T11:05:02.362Z] [native over] paths=[]

[2026-09-03T11:05:02.369Z] [native over] paths=[]

[2026-09-03T11:05:02.378Z] [native over] paths=[]

[2026-09-03T11:05:02.386Z] [native over] paths=[]

[2026-09-03T11:05:02.395Z] [native over] paths=[]

[2026-09-03T11:05:02.403Z] [native over] paths=[]

[2026-09-03T11:05:02.412Z] [native over] paths=[]

[2026-09-03T11:05:02.419Z] [native over] paths=[]

[2026-09-03T11:05:02.428Z] [native over] paths=[]

[2026-09-03T11:05:02.437Z] [native over] paths=[]

[2026-09-03T11:05:02.445Z] [native over] paths=[]

[2026-09-03T11:05:02.453Z] [native over] paths=[]

[2026-09-03T11:05:02.465Z] [native over] paths=[]

[2026-09-03T11:05:02.531Z] [native over] paths=[]

[2026-09-03T11:05:02.591Z] [native over] paths=[]

[2026-09-03T11:05:02.641Z] [native drop] paths=["C:\\Users\\osr\\Downloads\\result-train (3).tar.gz.enc"]

[2026-09-03T11:37:33.969Z] [native enter] paths=["C:\\Users\\osr\\Downloads\\result-train (6).tar.gz"]

[2026-09-03T11:37:33.975Z] [native over] paths=[]

[2026-09-03T11:37:33.976Z] [native over] paths=[]

[2026-09-03T11:37:33.978Z] [native over] paths=[]

[2026-09-03T11:37:33.985Z] [native over] paths=[]

[2026-09-03T11:37:33.992Z] [native over] paths=[]

[2026-09-03T11:37:34.001Z] [native over] paths=[]

[2026-09-03T11:37:34.009Z] [native over] paths=[]

[2026-09-03T11:37:34.017Z] [native over] paths=[]

[2026-09-03T11:37:34.024Z] [native over] paths=[]

[2026-09-03T11:37:34.033Z] [native over] paths=[]

[2026-09-03T11:37:34.042Z] [native over] paths=[]

[2026-09-03T11:37:34.055Z] [native over] paths=[]

[2026-09-03T11:37:34.061Z] [native over] paths=[]

[2026-09-03T11:37:34.067Z] [native over] paths=[]

[2026-09-03T11:37:34.075Z] [native over] paths=[]

[2026-09-03T11:37:34.082Z] [native over] paths=[]

[2026-09-03T11:37:34.093Z] [native over] paths=[]

[2026-09-03T11:37:34.101Z] [native over] paths=[]

[2026-09-03T11:37:34.109Z] [native over] paths=[]

[2026-09-03T11:37:34.117Z] [native over] paths=[]

[2026-09-03T11:37:34.124Z] [native over] paths=[]

[2026-09-03T11:37:34.133Z] [native over] paths=[]

[2026-09-03T11:37:34.141Z] [native over] paths=[]

[2026-09-03T11:37:34.151Z] [native over] paths=[]

[2026-09-03T11:37:34.159Z] [native over] paths=[]

[2026-09-03T11:37:34.167Z] [native over] paths=[]

[2026-09-03T11:37:34.174Z] [native over] paths=[]

[2026-09-03T11:37:34.183Z] [native over] paths=[]

[2026-09-03T11:37:34.192Z] [native over] paths=[]

[2026-09-03T11:37:34.201Z] [native over] paths=[]

[2026-09-03T11:37:34.208Z] [native over] paths=[]

[2026-09-03T11:37:34.217Z] [native over] paths=[]

[2026-09-03T11:37:34.224Z] [native over] paths=[]

[2026-09-03T11:37:34.232Z] [native over] paths=[]

[2026-09-03T11:37:34.243Z] [native over] paths=[]

[2026-09-03T11:37:34.251Z] [native over] paths=[]

[2026-09-03T11:37:34.260Z] [native over] paths=[]

[2026-09-03T11:37:34.266Z] [native over] paths=[]

[2026-09-03T11:37:34.275Z] [native over] paths=[]

[2026-09-03T11:37:34.283Z] [native over] paths=[]

[2026-09-03T11:37:34.292Z] [native over] paths=[]

[2026-09-03T11:37:34.308Z] [native over] paths=[]

[2026-09-03T11:37:34.325Z] [native over] paths=[]

[2026-09-03T11:37:34.332Z] [native over] paths=[]

[2026-09-03T11:37:34.343Z] [native over] paths=[]

[2026-09-03T11:37:34.350Z] [native over] paths=[]

[2026-09-03T11:37:34.371Z] [native over] paths=[]

[2026-09-03T11:37:34.378Z] [native over] paths=[]

[2026-09-03T11:37:34.438Z] [native over] paths=[]

[2026-09-03T11:37:34.494Z] [native over] paths=[]

[2026-09-03T11:37:34.511Z] [native over] paths=[]

[2026-09-03T11:37:34.520Z] [native over] paths=[]

[2026-09-03T11:37:34.528Z] [native over] paths=[]

[2026-09-03T11:37:34.536Z] [native over] paths=[]

[2026-09-03T11:37:34.545Z] [native over] paths=[]

[2026-09-03T11:37:34.552Z] [native over] paths=[]

[2026-09-03T11:37:34.563Z] [native over] paths=[]

[2026-09-03T11:37:34.571Z] [native over] paths=[]

[2026-09-03T11:37:34.579Z] [native over] paths=[]

[2026-09-03T11:37:34.586Z] [native over] paths=[]

[2026-09-03T11:37:34.595Z] [native over] paths=[]

[2026-09-03T11:37:34.603Z] [native over] paths=[]

[2026-09-03T11:37:34.614Z] [native over] paths=[]

[2026-09-03T11:37:34.623Z] [native over] paths=[]

[2026-09-03T11:37:34.628Z] [native over] paths=[]

[2026-09-03T11:37:34.636Z] [native over] paths=[]

[2026-09-03T11:37:34.644Z] [native over] paths=[]

[2026-09-03T11:37:34.652Z] [native over] paths=[]

[2026-09-03T11:37:34.661Z] [native over] paths=[]

[2026-09-03T11:37:34.672Z] [native over] paths=[]

[2026-09-03T11:37:34.679Z] [native over] paths=[]

[2026-09-03T11:37:34.686Z] [native over] paths=[]

[2026-09-03T11:37:34.695Z] [native over] paths=[]

[2026-09-03T11:37:34.702Z] [native over] paths=[]

[2026-09-03T11:37:34.713Z] [native over] paths=[]

[2026-09-03T11:37:34.722Z] [native leave] paths=[]

[2026-09-03T11:37:38.987Z] [native enter] paths=["C:\\Users\\osr\\Downloads\\result-train (6).tar.gz"]

[2026-09-03T11:37:38.991Z] [native over] paths=[]

[2026-09-03T11:37:38.992Z] [native over] paths=[]

[2026-09-03T11:37:38.993Z] [native over] paths=[]

[2026-09-03T11:37:38.996Z] [native over] paths=[]

[2026-09-03T11:37:39.003Z] [native over] paths=[]

[2026-09-03T11:37:39.011Z] [native over] paths=[]

[2026-09-03T11:37:39.019Z] [native over] paths=[]

[2026-09-03T11:37:39.027Z] [native over] paths=[]

[2026-09-03T11:37:39.036Z] [native over] paths=[]

[2026-09-03T11:37:39.043Z] [native over] paths=[]

[2026-09-03T11:37:39.053Z] [native over] paths=[]

[2026-09-03T11:37:39.061Z] [native over] paths=[]

[2026-09-03T11:37:39.069Z] [native over] paths=[]

[2026-09-03T11:37:39.078Z] [native over] paths=[]

[2026-09-03T11:37:39.086Z] [native over] paths=[]

[2026-09-03T11:37:39.093Z] [native over] paths=[]

[2026-09-03T11:37:39.104Z] [native over] paths=[]

[2026-09-03T11:37:39.112Z] [native over] paths=[]

[2026-09-03T11:37:39.120Z] [native over] paths=[]

[2026-09-03T11:37:39.128Z] [native over] paths=[]

[2026-09-03T11:37:39.137Z] [native over] paths=[]

[2026-09-03T11:37:39.144Z] [native over] paths=[]

[2026-09-03T11:37:39.153Z] [native over] paths=[]

[2026-09-03T11:37:39.161Z] [native over] paths=[]

[2026-09-03T11:37:39.170Z] [native over] paths=[]

[2026-09-03T11:37:39.177Z] [native over] paths=[]

[2026-09-03T11:37:39.186Z] [native over] paths=[]

[2026-09-03T11:37:39.193Z] [native over] paths=[]

[2026-09-03T11:37:39.211Z] [native over] paths=[]

[2026-09-03T11:37:39.220Z] [native over] paths=[]

[2026-09-03T11:37:39.243Z] [native over] paths=[]

[2026-09-03T11:37:39.261Z] [native over] paths=[]

[2026-09-03T11:37:39.269Z] [native over] paths=[]

[2026-09-03T11:37:39.293Z] [native over] paths=[]

[2026-09-03T11:37:39.303Z] [native over] paths=[]

[2026-09-03T11:37:39.311Z] [native over] paths=[]

[2026-09-03T11:37:39.327Z] [native over] paths=[]

[2026-09-03T11:37:39.343Z] [native over] paths=[]

[2026-09-03T11:37:39.353Z] [native over] paths=[]

[2026-09-03T11:37:39.365Z] [native over] paths=[]

[2026-09-03T11:37:39.381Z] [native over] paths=[]

[2026-09-03T11:37:39.411Z] [native over] paths=[]

[2026-09-03T11:37:39.463Z] [native over] paths=[]

[2026-09-03T11:37:39.526Z] [native over] paths=[]

[2026-09-03T11:37:39.591Z] [native over] paths=[]

[2026-09-03T11:37:39.652Z] [native over] paths=[]

[2026-09-03T11:37:39.703Z] [native drop] paths=["C:\\Users\\osr\\Downloads\\result-train (6).tar.gz"]

[2026-09-03T11:38:48.386Z] [native enter] paths=["C:\\Users\\osr\\Downloads\\result-train (6).tar.gz.enc"]

[2026-09-03T11:38:48.390Z] [native over] paths=[]

[2026-09-03T11:38:48.393Z] [native over] paths=[]

[2026-09-03T11:38:48.398Z] [native over] paths=[]

[2026-09-03T11:38:48.401Z] [native over] paths=[]

[2026-09-03T11:38:48.406Z] [native over] paths=[]

[2026-09-03T11:38:48.415Z] [native over] paths=[]

[2026-09-03T11:38:48.422Z] [native over] paths=[]

[2026-09-03T11:38:48.429Z] [native over] paths=[]

[2026-09-03T11:38:48.438Z] [native over] paths=[]

[2026-09-03T11:38:48.446Z] [native over] paths=[]

[2026-09-03T11:38:48.453Z] [native over] paths=[]

[2026-09-03T11:38:48.462Z] [native over] paths=[]

[2026-09-03T11:38:48.473Z] [native over] paths=[]

[2026-09-03T11:38:48.481Z] [native over] paths=[]

[2026-09-03T11:38:48.488Z] [native over] paths=[]

[2026-09-03T11:38:48.496Z] [native over] paths=[]

[2026-09-03T11:38:48.503Z] [native over] paths=[]

[2026-09-03T11:38:48.513Z] [native over] paths=[]

[2026-09-03T11:38:48.521Z] [native over] paths=[]

[2026-09-03T11:38:48.530Z] [native over] paths=[]

[2026-09-03T11:38:48.537Z] [native over] paths=[]

[2026-09-03T11:38:48.546Z] [native over] paths=[]

[2026-09-03T11:38:48.553Z] [native over] paths=[]

[2026-09-03T11:38:48.563Z] [native over] paths=[]

[2026-09-03T11:38:48.571Z] [native over] paths=[]

[2026-09-03T11:38:48.580Z] [native over] paths=[]

[2026-09-03T11:38:48.587Z] [native over] paths=[]

[2026-09-03T11:38:48.595Z] [native over] paths=[]

[2026-09-03T11:38:48.622Z] [native over] paths=[]

[2026-09-03T11:38:48.649Z] [native over] paths=[]

[2026-09-03T11:38:48.657Z] [native over] paths=[]

[2026-09-03T11:38:48.667Z] [native over] paths=[]

[2026-09-03T11:38:48.675Z] [native over] paths=[]

[2026-09-03T11:38:48.684Z] [native over] paths=[]

[2026-09-03T11:38:48.691Z] [native over] paths=[]

[2026-09-03T11:38:48.699Z] [native over] paths=[]

[2026-09-03T11:38:48.708Z] [native over] paths=[]

[2026-09-03T11:38:48.718Z] [native over] paths=[]

[2026-09-03T11:38:48.725Z] [native over] paths=[]

[2026-09-03T11:38:48.733Z] [native over] paths=[]

[2026-09-03T11:38:48.742Z] [native over] paths=[]

[2026-09-03T11:38:48.750Z] [native over] paths=[]

[2026-09-03T11:38:48.757Z] [native over] paths=[]

[2026-09-03T11:38:48.765Z] [native over] paths=[]

[2026-09-03T11:38:48.776Z] [native over] paths=[]

[2026-09-03T11:38:48.783Z] [native over] paths=[]

[2026-09-03T11:38:48.792Z] [native over] paths=[]

[2026-09-03T11:38:48.854Z] [native over] paths=[]

[2026-09-03T11:38:48.919Z] [native over] paths=[]

[2026-09-03T11:38:48.951Z] [native drop] paths=["C:\\Users\\osr\\Downloads\\result-train (6).tar.gz.enc"]

[2026-09-03T12:02:29.945Z] app.js loaded

[2026-09-03T12:02:29.983Z] native drag-drop listener registered

[2026-09-03T12:08:23.073Z] app.js loaded

[2026-09-03T12:08:23.137Z] native drag-drop listener registered

[2026-09-03T12:11:19.771Z] [native enter] paths=["C:\\Users\\osr\\Downloads\\result-train (7).tar.gz.enc"]

[2026-09-03T12:11:19.776Z] [native over] paths=[]

[2026-09-03T12:11:19.777Z] [native over] paths=[]

[2026-09-03T12:11:19.780Z] [native over] paths=[]

[2026-09-03T12:11:19.784Z] [native over] paths=[]

[2026-09-03T12:11:19.790Z] [native over] paths=[]

[2026-09-03T12:11:19.798Z] [native over] paths=[]

[2026-09-03T12:11:19.804Z] [native over] paths=[]

[2026-09-03T12:11:19.813Z] [native over] paths=[]

[2026-09-03T12:11:19.821Z] [native over] paths=[]

[2026-09-03T12:11:19.829Z] [native over] paths=[]

[2026-09-03T12:11:19.839Z] [native over] paths=[]

[2026-09-03T12:11:19.847Z] [native over] paths=[]

[2026-09-03T12:11:19.855Z] [native over] paths=[]

[2026-09-03T12:11:19.863Z] [native over] paths=[]

[2026-09-03T12:11:19.871Z] [native over] paths=[]

[2026-09-03T12:11:19.882Z] [native over] paths=[]

[2026-09-03T12:11:19.889Z] [native over] paths=[]

[2026-09-03T12:11:19.899Z] [native over] paths=[]

[2026-09-03T12:11:19.905Z] [native over] paths=[]

[2026-09-03T12:11:19.913Z] [native over] paths=[]

[2026-09-03T12:11:19.921Z] [native over] paths=[]

[2026-09-03T12:11:19.932Z] [native over] paths=[]

[2026-09-03T12:11:19.939Z] [native over] paths=[]

[2026-09-03T12:11:19.949Z] [native over] paths=[]

[2026-09-03T12:11:19.955Z] [native over] paths=[]

[2026-09-03T12:11:19.963Z] [native over] paths=[]

[2026-09-03T12:11:19.971Z] [native over] paths=[]

[2026-09-03T12:11:19.982Z] [native over] paths=[]

[2026-09-03T12:11:19.989Z] [native over] paths=[]

[2026-09-03T12:11:19.997Z] [native over] paths=[]

[2026-09-03T12:11:20.005Z] [native over] paths=[]

[2026-09-03T12:11:20.013Z] [native over] paths=[]

[2026-09-03T12:11:20.023Z] [native over] paths=[]

[2026-09-03T12:11:20.032Z] [native over] paths=[]

[2026-09-03T12:11:20.039Z] [native over] paths=[]

[2026-09-03T12:11:20.047Z] [native over] paths=[]

[2026-09-03T12:11:20.055Z] [native over] paths=[]

[2026-09-03T12:11:20.063Z] [native over] paths=[]

[2026-09-03T12:11:20.072Z] [native over] paths=[]

[2026-09-03T12:11:20.082Z] [native over] paths=[]

[2026-09-03T12:11:20.088Z] [native over] paths=[]

[2026-09-03T12:11:20.097Z] [native over] paths=[]

[2026-09-03T12:11:20.105Z] [native over] paths=[]

[2026-09-03T12:11:20.113Z] [native over] paths=[]

[2026-09-03T12:11:20.123Z] [native over] paths=[]

[2026-09-03T12:11:20.131Z] [native over] paths=[]

[2026-09-03T12:11:20.138Z] [native over] paths=[]

[2026-09-03T12:11:20.147Z] [native over] paths=[]

[2026-09-03T12:11:20.154Z] [native over] paths=[]

[2026-09-03T12:11:20.163Z] [native over] paths=[]

[2026-09-03T12:11:20.171Z] [native over] paths=[]

[2026-09-03T12:11:20.182Z] [native over] paths=[]

[2026-09-03T12:11:20.189Z] [native over] paths=[]

[2026-09-03T12:11:20.197Z] [native over] paths=[]

[2026-09-03T12:11:20.204Z] [native over] paths=[]

[2026-09-03T12:11:20.213Z] [native over] paths=[]

[2026-09-03T12:11:20.222Z] [native over] paths=[]

[2026-09-03T12:11:20.232Z] [native over] paths=[]

[2026-09-03T12:11:20.283Z] [native over] paths=[]

[2026-09-03T12:11:20.291Z] [native over] paths=[]

[2026-09-03T12:11:20.355Z] [native over] paths=[]

[2026-09-03T12:11:20.369Z] [native over] paths=[]

[2026-09-03T12:11:20.416Z] [native over] paths=[]

[2026-09-03T12:11:20.437Z] [native over] paths=[]

[2026-09-03T12:11:20.445Z] [native over] paths=[]

[2026-09-03T12:11:20.452Z] [native over] paths=[]

[2026-09-03T12:11:20.462Z] [native over] paths=[]

[2026-09-03T12:11:20.471Z] [native over] paths=[]

[2026-09-03T12:11:20.479Z] [native over] paths=[]

[2026-09-03T12:11:20.487Z] [native over] paths=[]

[2026-09-03T12:11:20.495Z] [native over] paths=[]

[2026-09-03T12:11:20.503Z] [native over] paths=[]

[2026-09-03T12:11:20.513Z] [native over] paths=[]

[2026-09-03T12:11:20.520Z] [native over] paths=[]

[2026-09-03T12:11:20.529Z] [native over] paths=[]

[2026-09-03T12:11:20.536Z] [native over] paths=[]

[2026-09-03T12:11:20.544Z] [native over] paths=[]

[2026-09-03T12:11:20.553Z] [native over] paths=[]

[2026-09-03T12:11:20.561Z] [native over] paths=[]

[2026-09-03T12:11:20.570Z] [native over] paths=[]

[2026-09-03T12:11:20.579Z] [native over] paths=[]

[2026-09-03T12:11:20.586Z] [native over] paths=[]

[2026-09-03T12:11:20.595Z] [native over] paths=[]

[2026-09-03T12:11:20.603Z] [native over] paths=[]

[2026-09-03T12:11:20.613Z] [native over] paths=[]

[2026-09-03T12:11:20.621Z] [native over] paths=[]

[2026-09-03T12:11:20.629Z] [native over] paths=[]

[2026-09-03T12:11:20.636Z] [native over] paths=[]

[2026-09-03T12:11:20.645Z] [native over] paths=[]

[2026-09-03T12:11:20.652Z] [native over] paths=[]

[2026-09-03T12:11:20.663Z] [native over] paths=[]

[2026-09-03T12:11:20.671Z] [native over] paths=[]

[2026-09-03T12:11:20.678Z] [native over] paths=[]

[2026-09-03T12:11:20.686Z] [native over] paths=[]

[2026-09-03T12:11:20.695Z] [native over] paths=[]

[2026-09-03T12:11:20.702Z] [native over] paths=[]

[2026-09-03T12:11:20.721Z] [native over] paths=[]

[2026-09-03T12:11:20.729Z] [native over] paths=[]

[2026-09-03T12:11:20.737Z] [native over] paths=[]

[2026-09-03T12:11:20.745Z] [native over] paths=[]

[2026-09-03T12:11:20.753Z] [native over] paths=[]

[2026-09-03T12:11:20.762Z] [native over] paths=[]

[2026-09-03T12:11:20.770Z] [native over] paths=[]

[2026-09-03T12:11:20.779Z] [native over] paths=[]

[2026-09-03T12:11:20.786Z] [native over] paths=[]

[2026-09-03T12:11:20.794Z] [native over] paths=[]

[2026-09-03T12:11:20.813Z] [native over] paths=[]

[2026-09-03T12:11:20.870Z] [native over] paths=[]

[2026-09-03T12:11:20.931Z] [native over] paths=[]

[2026-09-03T12:11:20.997Z] [native over] paths=[]

[2026-09-03T12:11:21.028Z] [native drop] paths=["C:\\Users\\osr\\Downloads\\result-train (7).tar.gz.enc"]

[2026-09-03T12:23:01.681Z] [native enter] paths=["C:\\Users\\osr\\Downloads\\result-train.tar.gz"]

[2026-09-03T12:23:01.685Z] [native over] paths=[]

[2026-09-03T12:23:01.687Z] [native over] paths=[]

[2026-09-03T12:23:01.689Z] [native over] paths=[]

[2026-09-03T12:23:01.694Z] [native over] paths=[]

[2026-09-03T12:23:01.703Z] [native over] paths=[]

[2026-09-03T12:23:01.711Z] [native over] paths=[]

[2026-09-03T12:23:01.747Z] [native over] paths=[]

[2026-09-03T12:23:01.785Z] [native over] paths=[]

[2026-09-03T12:23:01.841Z] [native over] paths=[]

[2026-09-03T12:23:01.901Z] [native over] paths=[]

[2026-09-03T12:23:01.969Z] [native over] paths=[]

[2026-09-03T12:23:02.032Z] [native over] paths=[]

[2026-09-03T12:23:02.091Z] [native over] paths=[]

[2026-09-03T12:23:02.117Z] [native drop] paths=["C:\\Users\\osr\\Downloads\\result-train.tar.gz"]

[2026-09-03T13:13:16.645Z] [native enter] paths=["C:\\Users\\osr\\Downloads\\result-train (1).tar.gz"]

[2026-09-03T13:13:16.652Z] [native over] paths=[]

[2026-09-03T13:13:16.654Z] [native over] paths=[]

[2026-09-03T13:13:16.656Z] [native over] paths=[]

[2026-09-03T13:13:16.662Z] [native over] paths=[]

[2026-09-03T13:13:16.669Z] [native over] paths=[]

[2026-09-03T13:13:16.676Z] [native over] paths=[]

[2026-09-03T13:13:16.684Z] [native over] paths=[]

[2026-09-03T13:13:16.692Z] [native over] paths=[]

[2026-09-03T13:13:16.701Z] [native over] paths=[]

[2026-09-03T13:13:16.708Z] [native over] paths=[]

[2026-09-03T13:13:16.718Z] [native over] paths=[]

[2026-09-03T13:13:16.726Z] [native over] paths=[]

[2026-09-03T13:13:16.734Z] [native over] paths=[]

[2026-09-03T13:13:16.743Z] [native over] paths=[]

[2026-09-03T13:13:16.750Z] [native over] paths=[]

[2026-09-03T13:13:16.759Z] [native over] paths=[]

[2026-09-03T13:13:16.768Z] [native over] paths=[]

[2026-09-03T13:13:16.777Z] [native over] paths=[]

[2026-09-03T13:13:16.784Z] [native over] paths=[]

[2026-09-03T13:13:16.792Z] [native over] paths=[]

[2026-09-03T13:13:16.800Z] [native over] paths=[]

[2026-09-03T13:13:16.808Z] [native over] paths=[]

[2026-09-03T13:13:16.818Z] [native over] paths=[]

[2026-09-03T13:13:16.826Z] [native over] paths=[]

[2026-09-03T13:13:16.834Z] [native over] paths=[]

[2026-09-03T13:13:16.842Z] [native over] paths=[]

[2026-09-03T13:13:16.850Z] [native over] paths=[]

[2026-09-03T13:13:16.858Z] [native over] paths=[]

[2026-09-03T13:13:16.868Z] [native over] paths=[]

[2026-09-03T13:13:16.876Z] [native over] paths=[]

[2026-09-03T13:13:16.887Z] [native over] paths=[]

[2026-09-03T13:13:16.892Z] [native over] paths=[]

[2026-09-03T13:13:16.900Z] [native over] paths=[]

[2026-09-03T13:13:16.908Z] [native over] paths=[]

[2026-09-03T13:13:16.919Z] [native over] paths=[]

[2026-09-03T13:13:16.926Z] [native over] paths=[]

[2026-09-03T13:13:16.934Z] [native over] paths=[]

[2026-09-03T13:13:16.942Z] [native over] paths=[]

[2026-09-03T13:13:16.950Z] [native over] paths=[]

[2026-09-03T13:13:16.959Z] [native over] paths=[]

[2026-09-03T13:13:16.970Z] [native over] paths=[]

[2026-09-03T13:13:16.977Z] [native over] paths=[]

[2026-09-03T13:13:16.984Z] [native over] paths=[]

[2026-09-03T13:13:16.992Z] [native over] paths=[]

[2026-09-03T13:13:17.000Z] [native over] paths=[]

[2026-09-03T13:13:17.008Z] [native over] paths=[]

[2026-09-03T13:13:17.018Z] [native over] paths=[]

[2026-09-03T13:13:17.026Z] [native over] paths=[]

[2026-09-03T13:13:17.034Z] [native over] paths=[]

[2026-09-03T13:13:17.042Z] [native over] paths=[]

[2026-09-03T13:13:17.050Z] [native over] paths=[]

[2026-09-03T13:13:17.058Z] [native over] paths=[]

[2026-09-03T13:13:17.068Z] [native over] paths=[]

[2026-09-03T13:13:17.080Z] [native over] paths=[]

[2026-09-03T13:13:17.088Z] [native over] paths=[]

[2026-09-03T13:13:17.109Z] [native over] paths=[]

[2026-09-03T13:13:17.138Z] [native over] paths=[]

[2026-09-03T13:13:17.202Z] [native over] paths=[]

[2026-09-03T13:13:17.262Z] [native over] paths=[]

[2026-09-03T13:13:17.325Z] [native over] paths=[]

[2026-09-03T13:13:17.388Z] [native over] paths=[]

[2026-09-03T13:13:17.447Z] [native over] paths=[]

[2026-09-03T13:13:17.511Z] [native over] paths=[]

[2026-09-03T13:13:17.572Z] [native over] paths=[]

[2026-09-03T13:13:17.635Z] [native over] paths=[]

[2026-09-03T13:13:17.703Z] [native over] paths=[]

[2026-09-03T13:13:17.764Z] [native over] paths=[]

[2026-09-03T13:13:17.831Z] [native over] paths=[]

[2026-09-03T13:13:17.891Z] [native over] paths=[]

[2026-09-03T13:13:17.951Z] [native over] paths=[]

[2026-09-03T13:13:18.000Z] [native drop] paths=["C:\\Users\\osr\\Downloads\\result-train (1).tar.gz"]

[2026-09-03T13:39:30.928Z] [native enter] paths=["C:\\Users\\osr\\Downloads\\result-train.tar.gz.enc"]

[2026-09-03T13:39:30.932Z] [native over] paths=[]

[2026-09-03T13:39:30.933Z] [native over] paths=[]

[2026-09-03T13:39:30.937Z] [native over] paths=[]

[2026-09-03T13:39:30.944Z] [native over] paths=[]

[2026-09-03T13:39:30.952Z] [native over] paths=[]

[2026-09-03T13:39:30.961Z] [native over] paths=[]

[2026-09-03T13:39:30.968Z] [native over] paths=[]

[2026-09-03T13:39:30.978Z] [native over] paths=[]

[2026-09-03T13:39:30.985Z] [native over] paths=[]

[2026-09-03T13:39:30.994Z] [native over] paths=[]

[2026-09-03T13:39:31.001Z] [native over] paths=[]

[2026-09-03T13:39:31.011Z] [native over] paths=[]

[2026-09-03T13:39:31.017Z] [native over] paths=[]

[2026-09-03T13:39:31.028Z] [native over] paths=[]

[2026-09-03T13:39:31.036Z] [native over] paths=[]

[2026-09-03T13:39:31.044Z] [native over] paths=[]

[2026-09-03T13:39:31.052Z] [native over] paths=[]

[2026-09-03T13:39:31.061Z] [native over] paths=[]

[2026-09-03T13:39:31.068Z] [native over] paths=[]

[2026-09-03T13:39:31.078Z] [native over] paths=[]

[2026-09-03T13:39:31.086Z] [native over] paths=[]

[2026-09-03T13:39:31.094Z] [native over] paths=[]

[2026-09-03T13:39:31.101Z] [native over] paths=[]

[2026-09-03T13:39:31.111Z] [native over] paths=[]

[2026-09-03T13:39:31.117Z] [native over] paths=[]

[2026-09-03T13:39:31.127Z] [native over] paths=[]

[2026-09-03T13:39:31.136Z] [native over] paths=[]

[2026-09-03T13:39:31.144Z] [native over] paths=[]

[2026-09-03T13:39:31.152Z] [native over] paths=[]

[2026-09-03T13:39:31.161Z] [native over] paths=[]

[2026-09-03T13:39:31.168Z] [native over] paths=[]

[2026-09-03T13:39:31.177Z] [native over] paths=[]

[2026-09-03T13:39:31.186Z] [native over] paths=[]

[2026-09-03T13:39:31.194Z] [native over] paths=[]

[2026-09-03T13:39:31.203Z] [native over] paths=[]

[2026-09-03T13:39:31.211Z] [native over] paths=[]

[2026-09-03T13:39:31.218Z] [native over] paths=[]

[2026-09-03T13:39:31.228Z] [native over] paths=[]

[2026-09-03T13:39:31.236Z] [native over] paths=[]

[2026-09-03T13:39:31.244Z] [native over] paths=[]

[2026-09-03T13:39:31.252Z] [native over] paths=[]

[2026-09-03T13:39:31.261Z] [native over] paths=[]

[2026-09-03T13:39:31.267Z] [native over] paths=[]

[2026-09-03T13:39:31.278Z] [native over] paths=[]

[2026-09-03T13:39:31.286Z] [native over] paths=[]

[2026-09-03T13:39:31.294Z] [native over] paths=[]

[2026-09-03T13:39:31.302Z] [native over] paths=[]

[2026-09-03T13:39:31.311Z] [native over] paths=[]

[2026-09-03T13:39:31.320Z] [native over] paths=[]

[2026-09-03T13:39:31.336Z] [native over] paths=[]

[2026-09-03T13:39:31.344Z] [native over] paths=[]

[2026-09-03T13:39:31.402Z] [native over] paths=[]

[2026-09-03T13:39:31.463Z] [native over] paths=[]

[2026-09-03T13:39:31.527Z] [native over] paths=[]

[2026-09-03T13:39:31.591Z] [native over] paths=[]

[2026-09-03T13:39:31.618Z] [native drop] paths=["C:\\Users\\osr\\Downloads\\result-train.tar.gz.enc"]

[2026-09-03T14:01:20.054Z] app.js loaded

[2026-09-03T14:01:20.097Z] native drag-drop listener registered

[2026-09-04T02:54:55.062Z] app.js loaded

[2026-09-04T02:54:55.804Z] native drag-drop listener registered

[2026-09-04T04:17:39.377Z] app.js loaded

[2026-09-04T04:17:39.431Z] native drag-drop listener registered

[2026-09-04T04:19:31.566Z] [native enter] paths=["C:\\Users\\osr\\Desktop\\data.zip"]

[2026-09-04T04:19:31.577Z] [native over] paths=[]

[2026-09-04T04:19:31.578Z] [native over] paths=[]

[2026-09-04T04:19:31.581Z] [native over] paths=[]

[2026-09-04T04:19:31.583Z] [native over] paths=[]

[2026-09-04T04:19:31.592Z] [native over] paths=[]

[2026-09-04T04:19:31.597Z] [native over] paths=[]

[2026-09-04T04:19:31.604Z] [native over] paths=[]

[2026-09-04T04:19:31.612Z] [native over] paths=[]

[2026-09-04T04:19:31.641Z] [native over] paths=[]

[2026-09-04T04:19:31.648Z] [native over] paths=[]

[2026-09-04T04:19:31.656Z] [native over] paths=[]

[2026-09-04T04:19:31.664Z] [native over] paths=[]

[2026-09-04T04:19:31.674Z] [native over] paths=[]

[2026-09-04T04:19:31.682Z] [native over] paths=[]

[2026-09-04T04:19:31.690Z] [native over] paths=[]

[2026-09-04T04:19:31.699Z] [native over] paths=[]

[2026-09-04T04:19:31.706Z] [native over] paths=[]

[2026-09-04T04:19:31.716Z] [native over] paths=[]

[2026-09-04T04:19:31.726Z] [native over] paths=[]

[2026-09-04T04:19:31.732Z] [native over] paths=[]

[2026-09-04T04:19:31.740Z] [native over] paths=[]

[2026-09-04T04:19:31.749Z] [native over] paths=[]

[2026-09-04T04:19:31.757Z] [native leave] paths=[]

[2026-09-04T04:19:34.363Z] [native enter] paths=["C:\\Users\\osr\\Desktop\\LogisticRegression.zip"]

[2026-09-04T04:19:34.366Z] [native over] paths=[]

[2026-09-04T04:19:34.369Z] [native over] paths=[]

[2026-09-04T04:19:34.377Z] [native over] paths=[]

[2026-09-04T04:19:34.385Z] [native over] paths=[]

[2026-09-04T04:19:34.392Z] [native over] paths=[]

[2026-09-04T04:19:34.402Z] [native over] paths=[]

[2026-09-04T04:19:34.410Z] [native over] paths=[]

[2026-09-04T04:19:34.418Z] [native over] paths=[]

[2026-09-04T04:19:34.427Z] [native over] paths=[]

[2026-09-04T04:19:34.435Z] [native over] paths=[]

[2026-09-04T04:19:34.444Z] [native over] paths=[]

[2026-09-04T04:19:34.452Z] [native over] paths=[]

[2026-09-04T04:19:34.460Z] [native leave] paths=[]

[2026-09-04T04:19:38.685Z] [native enter] paths=["C:\\Users\\osr\\Desktop\\data.zip"]

[2026-09-04T04:19:38.690Z] [native over] paths=[]

[2026-09-04T04:19:38.692Z] [native over] paths=[]

[2026-09-04T04:19:38.695Z] [native over] paths=[]

[2026-09-04T04:19:38.703Z] [native over] paths=[]

[2026-09-04T04:19:38.710Z] [native over] paths=[]

[2026-09-04T04:19:38.718Z] [native over] paths=[]

[2026-09-04T04:19:38.727Z] [native over] paths=[]

[2026-09-04T04:19:38.736Z] [native over] paths=[]

[2026-09-04T04:19:38.744Z] [native over] paths=[]

[2026-09-04T04:19:38.753Z] [native over] paths=[]

[2026-09-04T04:19:38.760Z] [native over] paths=[]

[2026-09-04T04:19:38.768Z] [native over] paths=[]

[2026-09-04T04:19:38.776Z] [native over] paths=[]

[2026-09-04T04:19:38.787Z] [native over] paths=[]

[2026-09-04T04:19:38.794Z] [native over] paths=[]

[2026-09-04T04:19:38.803Z] [native over] paths=[]

[2026-09-04T04:19:38.818Z] [native over] paths=[]

[2026-09-04T04:19:38.833Z] [native over] paths=[]

[2026-09-04T04:19:38.860Z] [native over] paths=[]

[2026-09-04T04:19:38.915Z] [native over] paths=[]

[2026-09-04T04:19:38.920Z] [native over] paths=[]

[2026-09-04T04:19:38.938Z] [native over] paths=[]

[2026-09-04T04:19:38.946Z] [native over] paths=[]

[2026-09-04T04:19:38.955Z] [native over] paths=[]

[2026-09-04T04:19:38.962Z] [native over] paths=[]

[2026-09-04T04:19:38.972Z] [native over] paths=[]

[2026-09-04T04:19:38.981Z] [native over] paths=[]

[2026-09-04T04:19:38.988Z] [native over] paths=[]

[2026-09-04T04:19:38.996Z] [native over] paths=[]

[2026-09-04T04:19:39.009Z] [native over] paths=[]

[2026-09-04T04:19:39.019Z] [native over] paths=[]

[2026-09-04T04:19:39.026Z] [native over] paths=[]

[2026-09-04T04:19:39.043Z] [native over] paths=[]

[2026-09-04T04:19:39.051Z] [native over] paths=[]

[2026-09-04T04:19:39.059Z] [native over] paths=[]

[2026-09-04T04:19:39.076Z] [native over] paths=[]

[2026-09-04T04:19:39.143Z] [native over] paths=[]

[2026-09-04T04:19:39.199Z] [native drop] paths=["C:\\Users\\osr\\Desktop\\data.zip"]

[2026-09-04T04:29:41.630Z] [native enter] paths=["C:\\Users\\osr\\Desktop\\data.zip","C:\\Users\\osr\\Desktop\\LogisticRegression.zip"]

[2026-09-04T04:29:41.635Z] [native over] paths=[]

[2026-09-04T04:29:41.688Z] [native over] paths=[]

[2026-09-04T04:29:41.750Z] [native over] paths=[]

[2026-09-04T04:29:41.812Z] [native over] paths=[]

[2026-09-04T04:29:41.872Z] [native over] paths=[]

[2026-09-04T04:29:41.879Z] [native over] paths=[]

[2026-09-04T04:29:41.890Z] [native over] paths=[]

[2026-09-04T04:29:41.898Z] [native over] paths=[]

[2026-09-04T04:29:41.905Z] [native over] paths=[]

[2026-09-04T04:29:41.913Z] [native over] paths=[]

[2026-09-04T04:29:41.922Z] [native over] paths=[]

[2026-09-04T04:29:41.930Z] [native over] paths=[]

[2026-09-04T04:29:41.939Z] [native over] paths=[]

[2026-09-04T04:29:41.947Z] [native over] paths=[]

[2026-09-04T04:29:41.956Z] [native over] paths=[]

[2026-09-04T04:29:41.965Z] [native over] paths=[]

[2026-09-04T04:29:41.971Z] [native over] paths=[]

[2026-09-04T04:29:41.979Z] [native over] paths=[]

[2026-09-04T04:29:41.989Z] [native over] paths=[]

[2026-09-04T04:29:41.998Z] [native over] paths=[]

[2026-09-04T04:29:42.005Z] [native over] paths=[]

[2026-09-04T04:29:42.013Z] [native over] paths=[]

[2026-09-04T04:29:42.022Z] [native over] paths=[]

[2026-09-04T04:29:42.030Z] [native leave] paths=[]

[2026-09-04T04:29:44.564Z] [native enter] paths=["C:\\Users\\osr\\Desktop\\LogisticRegression.zip"]

[2026-09-04T04:29:44.574Z] [native over] paths=[]

[2026-09-04T04:29:44.579Z] [native over] paths=[]

[2026-09-04T04:29:44.587Z] [native over] paths=[]

[2026-09-04T04:29:44.595Z] [native over] paths=[]

[2026-09-04T04:29:44.599Z] [native over] paths=[]

[2026-09-04T04:29:44.602Z] [native over] paths=[]

[2026-09-04T04:29:44.609Z] [native over] paths=[]

[2026-09-04T04:29:44.616Z] [native over] paths=[]

[2026-09-04T04:29:44.624Z] [native over] paths=[]

[2026-09-04T04:29:44.631Z] [native over] paths=[]

[2026-09-04T04:29:44.641Z] [native over] paths=[]

[2026-09-04T04:29:44.647Z] [native over] paths=[]

[2026-09-04T04:29:44.658Z] [native over] paths=[]

[2026-09-04T04:29:44.666Z] [native over] paths=[]

[2026-09-04T04:29:44.674Z] [native over] paths=[]

[2026-09-04T04:29:44.681Z] [native over] paths=[]

[2026-09-04T04:29:44.690Z] [native over] paths=[]

[2026-09-04T04:29:44.700Z] [native over] paths=[]

[2026-09-04T04:29:44.708Z] [native over] paths=[]

[2026-09-04T04:29:44.716Z] [native over] paths=[]

[2026-09-04T04:29:44.724Z] [native over] paths=[]

[2026-09-04T04:29:44.732Z] [native over] paths=[]

[2026-09-04T04:29:44.741Z] [native over] paths=[]

[2026-09-04T04:29:44.750Z] [native over] paths=[]

[2026-09-04T04:29:44.758Z] [native over] paths=[]

[2026-09-04T04:29:44.808Z] [native over] paths=[]

[2026-09-04T04:29:44.871Z] [native over] paths=[]

[2026-09-04T04:29:44.935Z] [native over] paths=[]

[2026-09-04T04:29:44.999Z] [native over] paths=[]

[2026-09-04T04:29:45.062Z] [native over] paths=[]

[2026-09-04T04:29:45.091Z] [native drop] paths=["C:\\Users\\osr\\Desktop\\LogisticRegression.zip"]

[2026-09-04T09:36:01.539Z] app.js loaded

[2026-09-04T09:36:01.571Z] native drag-drop listener registered

[2026-09-04T09:36:17.542Z] [native over] paths=[]
[2026-09-04T09:36:17.526Z] [native enter] paths=["C:\\Users\\osr\\Desktop\\LogisticRegression.zip"]


[2026-09-04T09:36:17.546Z] [native over] paths=[]

[2026-09-04T09:36:17.550Z] [native over] paths=[]

[2026-09-04T09:36:17.556Z] [native over] paths=[]

[2026-09-04T09:36:17.564Z] [native over] paths=[]

[2026-09-04T09:36:17.573Z] [native over] paths=[]

[2026-09-04T09:36:17.582Z] [native over] paths=[]

[2026-09-04T09:36:17.589Z] [native over] paths=[]

[2026-09-04T09:36:17.598Z] [native over] paths=[]

[2026-09-04T09:36:17.606Z] [native over] paths=[]

[2026-09-04T09:36:17.614Z] [native over] paths=[]

[2026-09-04T09:36:17.622Z] [native over] paths=[]

[2026-09-04T09:36:17.632Z] [native over] paths=[]

[2026-09-04T09:36:17.640Z] [native over] paths=[]

[2026-09-04T09:36:17.648Z] [native over] paths=[]

[2026-09-04T09:36:17.655Z] [native over] paths=[]

[2026-09-04T09:36:17.665Z] [native over] paths=[]

[2026-09-04T09:36:17.675Z] [native over] paths=[]

[2026-09-04T09:36:17.682Z] [native over] paths=[]

[2026-09-04T09:36:17.690Z] [native over] paths=[]

[2026-09-04T09:36:17.698Z] [native over] paths=[]

[2026-09-04T09:36:17.705Z] [native over] paths=[]

[2026-09-04T09:36:17.714Z] [native over] paths=[]

[2026-09-04T09:36:17.725Z] [native over] paths=[]

[2026-09-04T09:36:17.732Z] [native over] paths=[]

[2026-09-04T09:36:17.740Z] [native over] paths=[]

[2026-09-04T09:36:17.748Z] [native over] paths=[]

[2026-09-04T09:36:17.755Z] [native over] paths=[]

[2026-09-04T09:36:17.764Z] [native over] paths=[]

[2026-09-04T09:36:17.774Z] [native over] paths=[]

[2026-09-04T09:36:17.782Z] [native over] paths=[]

[2026-09-04T09:36:17.789Z] [native over] paths=[]

[2026-09-04T09:36:17.798Z] [native over] paths=[]

[2026-09-04T09:36:17.806Z] [native over] paths=[]

[2026-09-04T09:36:17.816Z] [native over] paths=[]

[2026-09-04T09:36:17.832Z] [native over] paths=[]

[2026-09-04T09:36:17.847Z] [native over] paths=[]

[2026-09-04T09:36:17.856Z] [native over] paths=[]

[2026-09-04T09:36:17.866Z] [native over] paths=[]

[2026-09-04T09:36:17.874Z] [native over] paths=[]

[2026-09-04T09:36:17.881Z] [native over] paths=[]

[2026-09-04T09:36:17.890Z] [native over] paths=[]

[2026-09-04T09:36:17.897Z] [native over] paths=[]

[2026-09-04T09:36:17.906Z] [native over] paths=[]

[2026-09-04T09:36:17.913Z] [native over] paths=[]

[2026-09-04T09:36:17.970Z] [native over] paths=[]

[2026-09-04T09:36:18.032Z] [native over] paths=[]

[2026-09-04T09:36:18.093Z] [native over] paths=[]

[2026-09-04T09:36:18.127Z] [native drop] paths=["C:\\Users\\osr\\Desktop\\LogisticRegression.zip"]

[2026-09-04T09:46:44.871Z] app.js loaded

[2026-09-04T09:46:44.909Z] native drag-drop listener registered

[2026-09-04T09:46:53.286Z] [native enter] paths=["C:\\Users\\osr\\Desktop\\LogisticRegression.zip"]

[2026-09-04T09:46:53.290Z] [native over] paths=[]

[2026-09-04T09:46:53.345Z] [native over] paths=[]

[2026-09-04T09:46:53.348Z] [native over] paths=[]

[2026-09-04T09:46:53.356Z] [native over] paths=[]

[2026-09-04T09:46:53.364Z] [native over] paths=[]

[2026-09-04T09:46:53.372Z] [native over] paths=[]

[2026-09-04T09:46:53.381Z] [native over] paths=[]

[2026-09-04T09:46:53.387Z] [native over] paths=[]

[2026-09-04T09:46:53.398Z] [native over] paths=[]

[2026-09-04T09:46:53.406Z] [native over] paths=[]

[2026-09-04T09:46:53.414Z] [native over] paths=[]

[2026-09-04T09:46:53.422Z] [native over] paths=[]

[2026-09-04T09:46:53.431Z] [native over] paths=[]

[2026-09-04T09:46:53.438Z] [native over] paths=[]

[2026-09-04T09:46:53.448Z] [native over] paths=[]

[2026-09-04T09:46:53.456Z] [native over] paths=[]

[2026-09-04T09:46:53.464Z] [native over] paths=[]

[2026-09-04T09:46:53.472Z] [native over] paths=[]

[2026-09-04T09:46:53.481Z] [native over] paths=[]

[2026-09-04T09:46:53.487Z] [native over] paths=[]

[2026-09-04T09:46:53.498Z] [native over] paths=[]

[2026-09-04T09:46:53.506Z] [native over] paths=[]

[2026-09-04T09:46:53.515Z] [native over] paths=[]

[2026-09-04T09:46:53.521Z] [native over] paths=[]

[2026-09-04T09:46:53.531Z] [native over] paths=[]

[2026-09-04T09:46:53.533Z] [native over] paths=[]

[2026-09-04T09:46:53.537Z] [native over] paths=[]

[2026-09-04T09:46:53.548Z] [native over] paths=[]

[2026-09-04T09:46:53.556Z] [native over] paths=[]

[2026-09-04T09:46:53.564Z] [native over] paths=[]

[2026-09-04T09:46:53.580Z] [native over] paths=[]

[2026-09-04T09:46:53.610Z] [native over] paths=[]

[2026-09-04T09:46:53.668Z] [native over] paths=[]

[2026-09-04T09:46:53.738Z] [native over] paths=[]

[2026-09-04T09:46:53.796Z] [native drop] paths=["C:\\Users\\osr\\Desktop\\LogisticRegression.zip"]

[2026-09-04T09:48:22.125Z] [native enter] paths=["C:\\Users\\osr\\Desktop\\LogisticRegression.zip"]

[2026-09-04T09:48:22.134Z] [native over] paths=[]

[2026-09-04T09:48:22.135Z] [native over] paths=[]

[2026-09-04T09:48:22.137Z] [native over] paths=[]

[2026-09-04T09:48:22.143Z] [native over] paths=[]

[2026-09-04T09:48:22.152Z] [native over] paths=[]

[2026-09-04T09:48:22.158Z] [native over] paths=[]

[2026-09-04T09:48:22.167Z] [native over] paths=[]

[2026-09-04T09:48:22.174Z] [native over] paths=[]

[2026-09-04T09:48:22.177Z] [native over] paths=[]

[2026-09-04T09:48:22.182Z] [native over] paths=[]

[2026-09-04T09:48:22.191Z] [native over] paths=[]

[2026-09-04T09:48:22.199Z] [native over] paths=[]

[2026-09-04T09:48:22.207Z] [native over] paths=[]

[2026-09-04T09:48:22.225Z] [native over] paths=[]

[2026-09-04T09:48:22.233Z] [native over] paths=[]

[2026-09-04T09:48:22.249Z] [native over] paths=[]

[2026-09-04T09:48:22.315Z] [native over] paths=[]

[2026-09-04T09:48:22.323Z] [native drop] paths=["C:\\Users\\osr\\Desktop\\LogisticRegression.zip"]

[2026-09-04T09:48:37.671Z] [native enter] paths=["C:\\Users\\osr\\Desktop\\LogisticRegression.zip"]

[2026-09-04T09:48:37.674Z] [native over] paths=[]

[2026-09-04T09:48:37.675Z] [native over] paths=[]

[2026-09-04T09:48:37.682Z] [native over] paths=[]

[2026-09-04T09:48:37.690Z] [native over] paths=[]

[2026-09-04T09:48:37.697Z] [native over] paths=[]

[2026-09-04T09:48:37.705Z] [native over] paths=[]

[2026-09-04T09:48:37.715Z] [native over] paths=[]

[2026-09-04T09:48:37.723Z] [native over] paths=[]

[2026-09-04T09:48:37.731Z] [native over] paths=[]

[2026-09-04T09:48:37.739Z] [native over] paths=[]

[2026-09-04T09:48:37.747Z] [native over] paths=[]

[2026-09-04T09:48:37.755Z] [native over] paths=[]

[2026-09-04T09:48:37.763Z] [native over] paths=[]

[2026-09-04T09:48:37.773Z] [native over] paths=[]

[2026-09-04T09:48:37.834Z] [native over] paths=[]

[2026-09-04T09:48:37.899Z] [native over] paths=[]

[2026-09-04T09:48:37.960Z] [native over] paths=[]

[2026-09-04T09:48:38.003Z] [native over] paths=[]

[2026-09-04T09:48:38.011Z] [native over] paths=[]

[2026-09-04T09:48:38.019Z] [native over] paths=[]

[2026-09-04T09:48:38.029Z] [native over] paths=[]

[2026-09-04T09:48:38.038Z] [native over] paths=[]

[2026-09-04T09:48:38.041Z] [native drop] paths=["C:\\Users\\osr\\Desktop\\LogisticRegression.zip"]

[2026-09-05T09:50:07.173Z] app.js loaded

[2026-09-05T09:50:07.207Z] native drag-drop listener registered

[2026-09-05T12:21:13.840Z] [native enter] paths=["C:\\Users\\osr\\Desktop\\result-train.tar.gz.enc"]

[2026-09-05T12:21:13.856Z] [native over] paths=[]

[2026-09-05T12:21:13.857Z] [native over] paths=[]

[2026-09-05T12:21:13.859Z] [native over] paths=[]

[2026-09-05T12:21:13.860Z] [native over] paths=[]

[2026-09-05T12:21:13.862Z] [native over] paths=[]

[2026-09-05T12:21:13.866Z] [native over] paths=[]

[2026-09-05T12:21:13.869Z] [native over] paths=[]

[2026-09-05T12:21:13.875Z] [native over] paths=[]

[2026-09-05T12:21:13.881Z] [native over] paths=[]

[2026-09-05T12:21:13.883Z] [native over] paths=[]

[2026-09-05T12:21:13.891Z] [native over] paths=[]

[2026-09-05T12:21:13.898Z] [native over] paths=[]

[2026-09-05T12:21:13.908Z] [native over] paths=[]

[2026-09-05T12:21:13.917Z] [native over] paths=[]

[2026-09-05T12:21:13.925Z] [native over] paths=[]

[2026-09-05T12:21:13.941Z] [native over] paths=[]

[2026-09-05T12:21:14.004Z] [native over] paths=[]

[2026-09-05T12:21:14.059Z] [native over] paths=[]

[2026-09-05T12:21:14.123Z] [native over] paths=[]

[2026-09-05T12:21:14.188Z] [native over] paths=[]

[2026-09-05T12:21:14.249Z] [native over] paths=[]

[2026-09-05T12:21:14.309Z] [native over] paths=[]

[2026-09-05T12:21:14.372Z] [native over] paths=[]

[2026-09-05T12:21:14.434Z] [native over] paths=[]

[2026-09-05T12:21:14.507Z] [native over] paths=[]

[2026-09-05T12:21:14.561Z] [native drop] paths=["C:\\Users\\osr\\Desktop\\result-train.tar.gz.enc"]

[2026-09-05T17:07:14.835Z] [native over] paths=[]

[2026-09-05T17:07:14.844Z] [native over] paths=[]

[2026-09-05T17:07:14.846Z] [native over] paths=[]

[2026-09-05T17:07:14.863Z] [native over] paths=[]

[2026-09-05T17:07:14.884Z] [native over] paths=[]

[2026-09-05T17:07:14.887Z] [native over] paths=[]

[2026-09-05T17:07:14.891Z] [native over] paths=[]

[2026-09-05T17:07:14.916Z] [native over] paths=[]

[2026-09-05T17:07:14.932Z] [native over] paths=[]

[2026-09-05T17:07:14.960Z] [native over] paths=[]

[2026-09-05T17:07:14.963Z] [native over] paths=[]

[2026-09-05T17:07:14.975Z] [native over] paths=[]

[2026-09-05T17:07:15.030Z] [native over] paths=[]

[2026-09-05T17:07:15.079Z] [native over] paths=[]

[2026-09-05T17:07:15.144Z] [native drop] paths=[]

[2026-09-05T18:00:47.144Z] [native enter] paths=["C:\\Users\\osr\\Desktop\\result-train.tar.gz.enc"]

[2026-09-05T18:00:47.149Z] [native over] paths=[]

[2026-09-05T18:00:47.150Z] [native over] paths=[]

[2026-09-05T18:00:47.156Z] [native over] paths=[]

[2026-09-05T18:00:47.159Z] [native over] paths=[]

[2026-09-05T18:00:47.164Z] [native over] paths=[]

[2026-09-05T18:00:47.172Z] [native over] paths=[]

[2026-09-05T18:00:47.180Z] [native over] paths=[]

[2026-09-05T18:00:47.189Z] [native over] paths=[]

[2026-09-05T18:00:47.198Z] [native over] paths=[]

[2026-09-05T18:00:47.207Z] [native over] paths=[]

[2026-09-05T18:00:47.217Z] [native over] paths=[]

[2026-09-05T18:00:47.223Z] [native over] paths=[]

[2026-09-05T18:00:47.230Z] [native over] paths=[]

[2026-09-05T18:00:47.239Z] [native over] paths=[]

[2026-09-05T18:00:47.248Z] [native over] paths=[]

[2026-09-05T18:00:47.257Z] [native over] paths=[]

[2026-09-05T18:00:47.267Z] [native over] paths=[]

[2026-09-05T18:00:47.272Z] [native over] paths=[]

[2026-09-05T18:00:47.280Z] [native over] paths=[]

[2026-09-05T18:00:47.288Z] [native over] paths=[]

[2026-09-05T18:00:47.300Z] [native over] paths=[]

[2026-09-05T18:00:47.307Z] [native over] paths=[]

[2026-09-05T18:00:47.360Z] [native over] paths=[]

[2026-09-05T18:00:47.423Z] [native over] paths=[]

[2026-09-05T18:00:47.499Z] [native over] paths=[]

[2026-09-05T18:00:47.511Z] [native drop] paths=["C:\\Users\\osr\\Desktop\\result-train.tar.gz.enc"]

